### TEST PRINT BEGIN ###
hello world!
### TEST PRINT END ###